../Core/Src/st7735.c:35:13:st7735_data8	16	static
../Core/Src/st7735.c:43:13:st7735_data16	8	static
../Core/Src/st7735.c:27:13:st7735_cmd	16	static
../Core/Src/st7735.c:102:6:ST7735_Draw_Rectangle	24	static
../Core/Src/st7735.c:111:6:ST7735_Draw_Pixel	16	static
../Core/Src/st7735.c:116:6:ST7735_Draw_VerticalLine	24	static
../Core/Src/st7735.c:122:6:ST7735_Draw_HorizontalLine	24	static
../Core/Src/st7735.c:82:6:ST7735_Init	24	static
../Core/Src/st7735.c:128:6:ST7735_Draw_FFT	40	static
../Core/Src/st7735.c:159:6:ST7735_Draw_Voltage	32	static
